[10/186] ok /blog/what-really-drives-the-cost-of-interior-painting-without-talking-prices (958w)
[20/186] ok /blog/10-things-professional-painters-should-do-on-every-interior-but-many-dont (802w)
[30/186] ok /blog/-who-owns-behr-paint-company (1901w)
[40/186] ok /blog/should-you-paint-your-ceiling-the-same-color-as-the-walls (396w)
[50/186] ok /blog/how-much-should-you-really-pay-for-bedroom-painting (603w)
[60/186] ok /blog/here-is-a-quick-way-to-understand-paint-sheens (707w)
[70/186] ok /blog/the-ultimate-guide-to-price-painting-your-home (761w)
[80/186] ok /blog/qtzdhzuvu422ivwrb8v6jqa41989nu (598w)
[90/186] ok /blog/tag/exterior+painting (241w)
[100/186] ok /blog/tag/hosuton+painter (130w)
[110/186] ok /blog/tag/cabinets (115w)
[120/186] ok /the-proud-paintbrush (693w)
[130/186] ok /exterior-painting/garage-door-painting (631w)
[140/186] ok /checklist (233w)
[150/186] ok /exterior-painting/stucco-maintenance/stucco-repairs (625w)
[160/186] ok /exterior-painting/exterior-house-painters (547w)
[170/186] ok /interior-painting/accent-wall-painting (650w)
[180/186] ok /preperation-process (5w)
[186/186] ok /pricing/cabinet-prices (5w)

DONE. 186/186 pages. Total extracted words: 119732. Manifest: scrape/manifest.json
